// Jest Snapshot v1, https://goo.gl/fbAQLP

exports[`Android generation methods should generate type checks 1`] = `"Cannot read property 'multiClick' of undefined"`;

exports[`Android generation methods should return adapter calls 1`] = `
Object {
  "args": Array [
    Object {
      "type": "int",
      "value": 3,
    },
  ],
  "method": "multiClick",
  "target": Object {
    "type": "Class",
    "value": "DetoxAction",
  },
}
`;
